[docs.goodcrypto.app/index.html]
[static.gitbook.com/_next/static/css/51d34edee75a6bda.css]
[static.gitbook.com/_next/static/css/ce80118b5e9525b5.css]
[static.gitbook.com/_next/static/css/3fabe74bb705cbb5.css]
[static.gitbook.com/_next/static/css/95b358fb5c9305a3.css]
[static.gitbook.com/_next/static/css/bc859a4cd35f3fe5.css]
[static.gitbook.com/_next/static/css/44b2f92f2be025d7.css]
[static.gitbook.com/_next/static/css/89f0191abc1ad313.css]
[static.gitbook.com/_next/static/css/ebd5a08666f5847b.css]
[static.gitbook.com/_next/static/css/7aa73a37ce5b6ac5.css]
[static.gitbook.com/_next/static/css/7ca4b41b4535decf.css]
[static.gitbook.com/_next/static/css/011becb3969a7abe.css]
[static.gitbook.com/_next/static/css/4af9aafd612346fe.css]
[static.gitbook.com/_next/static/chunks/webpack-389a83125d1262a7.js]
[static.gitbook.com/_next/static/chunks/1dd3208c-2ac490673f536a31.js]
[static.gitbook.com/_next/static/chunks/1456-dff92bb6745f8275.js]
[static.gitbook.com/_next/static/chunks/main-app-145b32589a8ebb53.js]
[static.gitbook.com/_next/static/chunks/app/global-error-53091e9566f77828.js]
[static.gitbook.com/_next/static/chunks/2829-c36fa68d4c5a3114.js]
[static.gitbook.com/_next/static/chunks/8452-8c4f89b3b4f9d2e9.js]
[static.gitbook.com/_next/static/chunks/1470-63148bfc6df299e8.js]
[static.gitbook.com/_next/static/chunks/4721-cef316527eb29383.js]
[static.gitbook.com/_next/static/chunks/2819-db4d66724f1ba10b.js]
[static.gitbook.com/_next/static/chunks/983-103d4d91a0a6c3e9.js]
[static.gitbook.com/_next/static/chunks/2237-5f57db3da057f162.js]
[static.gitbook.com/_next/static/chunks/2598-1ea53eaeaed9cdfc.js]
[static.gitbook.com/_next/static/chunks/4886-5910f263c2d63d93.js]
[static.gitbook.com/_next/static/chunks/app/middleware/(site)/(content)/[[...pathname]]/not-found-cd22dad21d256235.js]
[static.gitbook.com/_next/static/chunks/app/middleware/(site)/layout-a763d42156bcf98f.js]
[static.gitbook.com/_next/static/chunks/app/middleware/(site)/error-65ecdd77cfe24742.js]
[static.gitbook.com/_next/static/chunks/7144-49a5d70277f4d306.js]
[static.gitbook.com/_next/static/chunks/app/middleware/(site)/(content)/layout-bce6efe4a9dc0d17.js]
[integrations.gitbook.com/v1/integrations/googleanalytics/installations/005aad6717939365741721f872f56a49a3ad282059bfba1b219649a79d02b355/sites/site_u06EB/script2641.js]
[backblue.gif]
[fade.gif]
[index.html]
[docs.goodcrypto.app/_gitbook/imageb5c9.jpg]
[static.gitbook.com/_next/static/chunks/polyfills-42372ed130431b0a.js]
[docs.goodcrypto.app/_gitbook/image9f63.jpg]
[docs.goodcrypto.app/goodcrypto-vs-goodcryptox.html]
[docs.goodcrypto.app/app-platforms.html]
[docs.goodcrypto.app/supported-blockchains.html]
[docs.goodcrypto.app/supported-dexs.html]
[docs.goodcrypto.app/wallet/wallet-management.html]
[docs.goodcrypto.app/wallet/wallet-management/create-wallet.html]
[docs.goodcrypto.app/wallet/wallet-management/receive-coins.html]
[docs.goodcrypto.app/wallet/wallet-management/buy-coins-with.html]
[docs.goodcrypto.app/wallet/wallet-management/send-coins.html]
[docs.goodcrypto.app/wallet/wallet-management/wallet-password.html]
[docs.goodcrypto.app/wallet/wallet-management/2nd-device-access.html]
[docs.goodcrypto.app/wallet/wallet-management/gas.html]
[docs.goodcrypto.app/wallet/wallet-management/non-custodial-wallet.html]
[docs.goodcrypto.app/wallet/wallet-management/wallet-security.html]
[docs.goodcrypto.app/wallet/wallet-management/wallet-architecture.html]
[docs.goodcrypto.app/wallet/smart-contract-wallets.html]
[docs.goodcrypto.app/wallet/smart-contract-wallets/session-keys.html]
[docs.goodcrypto.app/wallet/smart-contract-wallets/batch-transactions.html]
[docs.goodcrypto.app/wallet/smart-contract-wallets/gas-in-any-erc20-token.html]
[docs.goodcrypto.app/wallet/smart-contract-wallets/decoding-scw-transactions.html]
[docs.goodcrypto.app/trading/order-types.html]
[docs.goodcrypto.app/trading/order-types/swap.html]
[docs.goodcrypto.app/trading/order-types/limit.html]
[docs.goodcrypto.app/trading/order-types/take-profit.html]
[docs.goodcrypto.app/trading/order-types/trailing.html]
[docs.goodcrypto.app/trading/order-types/stop-loss.html]
[docs.goodcrypto.app/trading/order-types/tp-+-sl-combo.html]
[docs.goodcrypto.app/trading/order-types/trailing-stop-loss.html]
[docs.goodcrypto.app/trading/dca-bot.html]
[docs.goodcrypto.app/trading/dca-bot/features-and-setup.html]
[docs.goodcrypto.app/trading/dca-bot/running-the-bot.html]
[docs.goodcrypto.app/trading/dex-screener.html]
[docs.goodcrypto.app/trading/order-mechanics.html]
[docs.goodcrypto.app/trading/mev-protection.html]
[docs.goodcrypto.app/trading/errors.html]
[docs.goodcrypto.app/trading/charts.html]
[docs.goodcrypto.app/trading/notifications.html]
[docs.goodcrypto.app/trading/upcoming-functionality.html]
[docs.goodcrypto.app/trading/upcoming-functionality/gems-sniper-bot.html]
[docs.goodcrypto.app/trading/upcoming-functionality/copy-trading-bot.html]
[docs.goodcrypto.app/trading/upcoming-functionality/grid-bot.html]
[docs.goodcrypto.app/trading/upcoming-functionality/infinity-bot.html]
[docs.goodcrypto.app/trading/upcoming-functionality/sos-bot.html]
[docs.goodcrypto.app/trading/upcoming-functionality/rebalancer-bot.html]
[docs.goodcrypto.app/trading/upcoming-functionality/gas-in-any-erc20-token.html]
[docs.goodcrypto.app/trading/upcoming-functionality/gas-saver-bot.html]
[docs.goodcrypto.app/trading/upcoming-functionality/l2-auto-mirroring.html]
[docs.goodcrypto.app/trading/upcoming-functionality/auto-bridging.html]
[docs.goodcrypto.app/trading/upcoming-functionality/batch-orders.html]
[docs.goodcrypto.app/trading/upcoming-functionality/batch-transfers.html]
[docs.goodcrypto.app/trading/upcoming-functionality/vwap-and-twap-orders.html]
[docs.goodcrypto.app/trading/upcoming-functionality/multiple-tps.html]
[docs.goodcrypto.app/trading/upcoming-functionality/iceberg-orders.html]
[docs.goodcrypto.app/trading/upcoming-functionality/telegram-shortcuts.html]
[docs.goodcrypto.app/trading/upcoming-functionality/conversational-trading.html]
[docs.goodcrypto.app/trading/upcoming-functionality/recurring-buys.html]
[docs.goodcrypto.app/trading/upcoming-functionality/other.html]
[docs.goodcrypto.app/ecosystem/swap-fee.html]
[docs.goodcrypto.app/ecosystem/revenue-sharing.html]
[docs.goodcrypto.app/ecosystem/trade-mining.html]
[docs.goodcrypto.app/ecosystem/loyalty-program.html]
[docs.goodcrypto.app/ecosystem/referral-program.html]
[docs.goodcrypto.app/ecosystem/subscription-plans.html]
[docs.goodcrypto.app/ecosystem/nfts.html]
[docs.goodcrypto.app/good-token/token-metrics.html]
[docs.goodcrypto.app/good-token/tokenomics.html]
[docs.goodcrypto.app/good-token/holding-benefits.html]
[docs.goodcrypto.app/good-token/airdrop.html]
[docs.goodcrypto.app/good-token/burn.html]
[docs.goodcrypto.app/good-token/governance.html]
[docs.goodcrypto.app/good-token/good-protocol.html]
[docs.goodcrypto.app/other/changelog.html]
[docs.goodcrypto.app/other/avoiding-scams.html]
[docs.goodcrypto.app/rocket-loader.min.html]
[docs.goodcrypto.app/index.html]
[static.gitbook.com/_next/static/css/51d34edee75a6bda.css]
[static.gitbook.com/_next/static/css/ce80118b5e9525b5.css]
[static.gitbook.com/_next/static/css/3fabe74bb705cbb5.css]
[static.gitbook.com/_next/static/css/95b358fb5c9305a3.css]
[static.gitbook.com/_next/static/css/bc859a4cd35f3fe5.css]
[static.gitbook.com/_next/static/css/44b2f92f2be025d7.css]
[static.gitbook.com/_next/static/css/89f0191abc1ad313.css]
[static.gitbook.com/_next/static/css/ebd5a08666f5847b.css]
[static.gitbook.com/_next/static/css/7aa73a37ce5b6ac5.css]
[static.gitbook.com/_next/static/css/7ca4b41b4535decf.css]
[static.gitbook.com/_next/static/css/011becb3969a7abe.css]
[static.gitbook.com/_next/static/css/4af9aafd612346fe.css]
[docs.goodcrypto.app/goodcrypto-vs-goodcryptox.html]
[docs.goodcrypto.app/app-platforms.html]
[docs.goodcrypto.app/supported-blockchains.html]
[docs.goodcrypto.app/supported-dexs.html]
[docs.goodcrypto.app/wallet/rocket-loader.min.html]
[docs.goodcrypto.app/wallet/wallet-management.html]
[docs.goodcrypto.app/wallet.html]
[docs.goodcrypto.app/wallet/wallet-management/rocket-loader.min.html]
[docs.goodcrypto.app/_gitbook/image15cb.jpg]
[docs.goodcrypto.app/_gitbook/image3e8e.jpg]
[docs.goodcrypto.app/_gitbook/image0948.jpg]
[docs.goodcrypto.app/_gitbook/imagec07e.jpg]
[docs.goodcrypto.app/wallet/wallet-management/create-wallet.html]
[docs.goodcrypto.app/_gitbook/imageed6c.jpg]
[docs.goodcrypto.app/wallet/wallet-management/receive-coins.html]
[docs.goodcrypto.app/_gitbook/imageb7b5.jpg]
[docs.goodcrypto.app/_gitbook/imaged1a4.jpg]
[docs.goodcrypto.app/_gitbook/image4bee.jpg]
[docs.goodcrypto.app/wallet/wallet-management/buy-coins-with.html]
[docs.goodcrypto.app/_gitbook/image08b8.jpg]
[docs.goodcrypto.app/_gitbook/imageb0b6.jpg]
[docs.goodcrypto.app/_gitbook/image8938.jpg]
[docs.goodcrypto.app/_gitbook/imagef9e6.jpg]
[docs.goodcrypto.app/_gitbook/imagea66b.jpg]
[docs.goodcrypto.app/wallet/wallet-management/send-coins.html]
[docs.goodcrypto.app/_gitbook/image85a4.jpg]
[docs.goodcrypto.app/_gitbook/imagebc06.jpg]
[docs.goodcrypto.app/_gitbook/imagedb89.jpg]
[docs.goodcrypto.app/_gitbook/image275d.jpg]
[docs.goodcrypto.app/_gitbook/image6ace.jpg]
[docs.goodcrypto.app/wallet/wallet-management/wallet-password.html]
[docs.goodcrypto.app/wallet/wallet-management/2nd-device-access.html]
[docs.goodcrypto.app/wallet/wallet-management/gas.html]
[docs.goodcrypto.app/wallet/wallet-management/non-custodial-wallet.html]
[docs.goodcrypto.app/wallet/wallet-management/wallet-security.html]
[docs.goodcrypto.app/wallet/wallet-management/wallet-architecture.html]
[docs.goodcrypto.app/wallet/smart-contract-wallets.html]
[docs.goodcrypto.app/wallet/smart-contract-wallets/session-keys.html]
[docs.goodcrypto.app/wallet/smart-contract-wallets/batch-transactions.html]
[docs.goodcrypto.app/wallet/smart-contract-wallets/gas-in-any-erc20-token.html]
[docs.goodcrypto.app/wallet/smart-contract-wallets/decoding-scw-transactions.html]
[docs.goodcrypto.app/wallet/smart-contract-wallets/rocket-loader.min.html]
[docs.goodcrypto.app/trading/rocket-loader.min.html]
[docs.goodcrypto.app/trading/order-types.html]
[docs.goodcrypto.app/trading.html]
[docs.goodcrypto.app/trading/order-types/rocket-loader.min.html]
[docs.goodcrypto.app/_gitbook/image8e9d.jpg]
[docs.goodcrypto.app/_gitbook/image0ff7.jpg]
[docs.goodcrypto.app/_gitbook/image8026.jpg]
[docs.goodcrypto.app/_gitbook/image2674.jpg]
[docs.goodcrypto.app/_gitbook/imagef414.jpg]
[docs.goodcrypto.app/_gitbook/imagecab6.jpg]
[docs.goodcrypto.app/trading/order-types/swap.html]
[docs.goodcrypto.app/_gitbook/imageaafd.jpg]
[docs.goodcrypto.app/_gitbook/image2d12.jpg]
[docs.goodcrypto.app/_gitbook/image3436.jpg]
[docs.goodcrypto.app/_gitbook/imagea929.jpg]
[docs.goodcrypto.app/_gitbook/imaged652.jpg]
[docs.goodcrypto.app/trading/order-types/limit.html]
[docs.goodcrypto.app/_gitbook/imageb596.jpg]
[docs.goodcrypto.app/_gitbook/image9a15.jpg]
[docs.goodcrypto.app/_gitbook/image9a44.jpg]
[docs.goodcrypto.app/_gitbook/image6c81.jpg]
[docs.goodcrypto.app/_gitbook/imagecd9f.jpg]
[docs.goodcrypto.app/_gitbook/imageabba.jpg]
[docs.goodcrypto.app/trading/order-types/trailing.html]
[docs.goodcrypto.app/_gitbook/image046e.jpg]
[docs.goodcrypto.app/_gitbook/imagedb18.jpg]
[docs.goodcrypto.app/_gitbook/image157f.jpg]
[docs.goodcrypto.app/trading/order-types/take-profit.html]
[docs.goodcrypto.app/_gitbook/image11eb.jpg]
[docs.goodcrypto.app/_gitbook/image6021.jpg]
[docs.goodcrypto.app/_gitbook/image8d2d.jpg]
[docs.goodcrypto.app/trading/order-types/stop-loss.html]
[docs.goodcrypto.app/trading/order-types/trailing-stop-loss.html]
[docs.goodcrypto.app/trading/order-types/tp-+-sl-combo.html]
[cdn.iframe.ly/embed.js]
[docs.goodcrypto.app/_gitbook/image9bcb.jpg]
[docs.goodcrypto.app/trading/dca-bot.html]
[docs.goodcrypto.app/trading/dca-bot/rocket-loader.min.html]
[docs.goodcrypto.app/_gitbook/imagecc60.jpg]
[docs.goodcrypto.app/_gitbook/image4104.jpg]
[docs.goodcrypto.app/_gitbook/imageff7b.jpg]
[docs.goodcrypto.app/_gitbook/imagedfa7.jpg]
[docs.goodcrypto.app/_gitbook/image7a7f.jpg]
[docs.goodcrypto.app/_gitbook/image0ed3.jpg]
[docs.goodcrypto.app/_gitbook/imagecb30.jpg]
[docs.goodcrypto.app/_gitbook/imageb104.jpg]
[docs.goodcrypto.app/trading/dca-bot/features-and-setup.html]
[docs.goodcrypto.app/trading/dca-bot/running-the-bot.html]
[docs.goodcrypto.app/trading/dex-screener.html]
[docs.goodcrypto.app/trading/order-mechanics.html]
[docs.goodcrypto.app/trading/mev-protection.html]
[docs.goodcrypto.app/trading/errors.html]
[docs.goodcrypto.app/trading/charts.html]
[docs.goodcrypto.app/trading/notifications.html]
[docs.goodcrypto.app/trading/upcoming-functionality.html]
[docs.goodcrypto.app/trading/upcoming-functionality/gems-sniper-bot.html]
[docs.goodcrypto.app/trading/upcoming-functionality/copy-trading-bot.html]
[docs.goodcrypto.app/trading/upcoming-functionality/grid-bot.html]
[docs.goodcrypto.app/trading/upcoming-functionality/infinity-bot.html]
[docs.goodcrypto.app/trading/upcoming-functionality/sos-bot.html]
[docs.goodcrypto.app/trading/upcoming-functionality/rebalancer-bot.html]
[docs.goodcrypto.app/trading/upcoming-functionality/gas-in-any-erc20-token.html]
[docs.goodcrypto.app/trading/upcoming-functionality/gas-saver-bot.html]
[docs.goodcrypto.app/trading/upcoming-functionality/l2-auto-mirroring.html]
[docs.goodcrypto.app/trading/upcoming-functionality/rocket-loader.min.html]
[docs.goodcrypto.app/trading/upcoming-functionality/auto-bridging.html]
[docs.goodcrypto.app/trading/upcoming-functionality/batch-orders.html]
[docs.goodcrypto.app/trading/upcoming-functionality/batch-transfers.html]
[docs.goodcrypto.app/trading/upcoming-functionality/vwap-and-twap-orders.html]
[docs.goodcrypto.app/trading/upcoming-functionality/multiple-tps.html]
[docs.goodcrypto.app/trading/upcoming-functionality/iceberg-orders.html]
[docs.goodcrypto.app/trading/upcoming-functionality/telegram-shortcuts.html]
[docs.goodcrypto.app/trading/upcoming-functionality/conversational-trading.html]
[docs.goodcrypto.app/trading/upcoming-functionality/recurring-buys.html]
[docs.goodcrypto.app/trading/upcoming-functionality/other.html]
[docs.goodcrypto.app/ecosystem/rocket-loader.min.html]
[docs.goodcrypto.app/ecosystem.html]
[docs.goodcrypto.app/_gitbook/image451e.jpg]
[docs.goodcrypto.app/ecosystem/swap-fee.html]
[docs.goodcrypto.app/ecosystem/revenue-sharing.html]
[docs.goodcrypto.app/ecosystem/trade-mining.html]
[docs.goodcrypto.app/ecosystem/loyalty-program.html]
[docs.goodcrypto.app/ecosystem/referral-program.html]
[docs.goodcrypto.app/ecosystem/subscription-plans.html]
[docs.goodcrypto.app/_gitbook/imagee1db.jpg]
[docs.goodcrypto.app/_gitbook/image1124.jpg]
[docs.goodcrypto.app/_gitbook/image7a8b.jpg]
[docs.goodcrypto.app/_gitbook/image47e6.jpg]
[docs.goodcrypto.app/_gitbook/image7e4c.jpg]
[docs.goodcrypto.app/_gitbook/image79d7.jpg]
[docs.goodcrypto.app/ecosystem/nfts.html]
[docs.goodcrypto.app/good-token/rocket-loader.min.html]
[docs.goodcrypto.app/good-token/token-metrics.html]
[docs.goodcrypto.app/good-token.html]
[docs.goodcrypto.app/_gitbook/imagec6de.jpg]
[docs.goodcrypto.app/good-token/tokenomics.html]
[docs.goodcrypto.app/good-token/holding-benefits.html]
[docs.goodcrypto.app/good-token/airdrop.html]
[docs.goodcrypto.app/good-token/burn.html]
[docs.goodcrypto.app/good-token/governance.html]
[docs.goodcrypto.app/good-token/good-protocol.html]
[docs.goodcrypto.app/other.html]
[docs.goodcrypto.app/other/changelog.html]
[docs.goodcrypto.app/other/avoiding-scams.html]
[docs.goodcrypto.app/rocket-loader.min.html]
[docs.goodcrypto.app/_gitbook/image7ec0]
[docs.goodcrypto.app/wallet/rocket-loader.min.html]
[docs.goodcrypto.app/wallet.html]
[docs.goodcrypto.app/wallet/wallet-management/rocket-loader.min.html]
[docs.goodcrypto.app/_gitbook/image4267]
[docs.goodcrypto.app/_gitbook/image07e6]
[docs.goodcrypto.app/_gitbook/imagecdc0]
[docs.goodcrypto.app/_gitbook/image7c90]
[docs.goodcrypto.app/_gitbook/image9881]
[docs.goodcrypto.app/_gitbook/image1233]
[docs.goodcrypto.app/_gitbook/image4213]
[docs.goodcrypto.app/_gitbook/image67c1]
[docs.goodcrypto.app/_gitbook/imagec61a]
[docs.goodcrypto.app/_gitbook/image0a72]
[docs.goodcrypto.app/_gitbook/imagef20c]
[docs.goodcrypto.app/_gitbook/image91d8]
[docs.goodcrypto.app/_gitbook/image6b0f]
[docs.goodcrypto.app/_gitbook/image529e]
[docs.goodcrypto.app/_gitbook/image0754]
[docs.goodcrypto.app/_gitbook/image247c]
[docs.goodcrypto.app/_gitbook/imagec3cf]
[docs.goodcrypto.app/_gitbook/image3eea]
[docs.goodcrypto.app/wallet/smart-contract-wallets/rocket-loader.min.html]
[docs.goodcrypto.app/trading/rocket-loader.min.html]
[docs.goodcrypto.app/other/rocket-loader.min.html]
[docs.goodcrypto.app/trading.html]
[docs.goodcrypto.app/trading/order-types/rocket-loader.min.html]
[docs.goodcrypto.app/_gitbook/image2dc9]
[docs.goodcrypto.app/_gitbook/image1357]
[docs.goodcrypto.app/_gitbook/image2019]
[docs.goodcrypto.app/_gitbook/image17cb]
[docs.goodcrypto.app/_gitbook/image6ecd]
[docs.goodcrypto.app/_gitbook/imagefec6]
[docs.goodcrypto.app/_gitbook/image6777]
[docs.goodcrypto.app/_gitbook/image2b56]
[docs.goodcrypto.app/_gitbook/image5c34]
[docs.goodcrypto.app/_gitbook/image8e3e]
[docs.goodcrypto.app/_gitbook/imagececb]
[docs.goodcrypto.app/_gitbook/imageb1ee]
[docs.goodcrypto.app/_gitbook/image54f5]
[docs.goodcrypto.app/_gitbook/image208a]
[docs.goodcrypto.app/_gitbook/imageedd4]
[docs.goodcrypto.app/_gitbook/imagec0ee]
[docs.goodcrypto.app/_gitbook/imageae14]
[docs.goodcrypto.app/_gitbook/imageb356]
[docs.goodcrypto.app/_gitbook/image4a44]
[docs.goodcrypto.app/_gitbook/image13fa]
[docs.goodcrypto.app/_gitbook/imagee4ce]
[docs.goodcrypto.app/_gitbook/image6606]
[docs.goodcrypto.app/_gitbook/image0f0f]
[docs.goodcrypto.app/_gitbook/image19a6]
[docs.goodcrypto.app/trading/dca-bot/rocket-loader.min.html]
[docs.goodcrypto.app/_gitbook/image08b0]
[docs.goodcrypto.app/_gitbook/image0963]
[docs.goodcrypto.app/_gitbook/image44eb]
[docs.goodcrypto.app/_gitbook/imagee7c7]
[docs.goodcrypto.app/_gitbook/image27cb]
[docs.goodcrypto.app/_gitbook/image1e4b]
[docs.goodcrypto.app/_gitbook/imagea89c]
[docs.goodcrypto.app/_gitbook/imaged1f4]
[docs.goodcrypto.app/trading/upcoming-functionality/rocket-loader.min.html]
[docs.goodcrypto.app/trading/upcoming-functionality/ook.com/index1bfe.html]
[docs.goodcrypto.app/trading/upcoming-functionality/ook.html]
[docs.goodcrypto.app/www.gitbook.com/index1bfe.html]
[docs.goodcrypto.app/ecosystem/rocket-loader.min.html]
[docs.goodcrypto.app/ecosystem.html]
[docs.goodcrypto.app/_gitbook/image9c33]
[docs.goodcrypto.app/_gitbook/image36d8]
[docs.goodcrypto.app/_gitbook/imagef6f0]
[docs.goodcrypto.app/_gitbook/image97fb]
[docs.goodcrypto.app/_gitbook/imagefb77]
[docs.goodcrypto.app/_gitbook/image65c2]
[docs.goodcrypto.app/_gitbook/imagef3e9]
[docs.goodcrypto.app/good-token/rocket-loader.min.html]
[docs.goodcrypto.app/good-token.html]
[docs.goodcrypto.app/_gitbook/imagea7cc]
[docs.goodcrypto.app/other.html]
[docs.goodcrypto.app/other/rocket-loader.min.html]
[docs.goodcrypto.app/trading/upcoming-functionality/ook.html]
[docs.goodcrypto.app/www.gitbook.html]
[docs.goodcrypto.app/www.gitbook.html]
